---
source: src/recipe/parser/requirements.rs
expression: requirements
---
build:
  - __COMPILER gcc

