---
source: src/recipe/parser/requirements.rs
expression: deserialized
---
build:
  - __COMPILER gcc

